задание: 2.1.3
проект: 211-command-usb
устройство: 2e8a:000a
серийный номер: 505431654120621C
порт: COM3
начало: 2026-09-26T00:12:35
   0.000 --> mem_info
   0.174 <-- mem_info
   0.177 <-- dbg read_line:111 got mem_info
   0.179 <-- area       start        end        size
   0.180 <-- flash      0x10000000 0x10200000  2097152
   0.181 <-- sram       0x20000000 0x20042000   270336
   0.182 <-- rom        0x00000000 0x00004000    16384
   0.183 <-- image      0x10000000 0x10008454    33876
   0.183 <-- free       0x10008454 0x10200000  2063276
   0.184 <-- boot2      0x10000000 0x10000100      256
   0.185 <-- text       0x10000100 0x100074e4    29668
   0.186 <-- data flash 0x100074e4 0x10008454     3952
   0.187 <-- data ram   0x200000c0 0x20001030     3952
   0.187 <-- bss        0x20001030 0x20001c6c     3132
   0.188 <-- heap       0x20001c6c 0x20040000   254868
   0.189 <-- stack      0x20041800 0x20042000     2048
   0.189 <-- total
   0.190 <-- flash image    33876 = boot2 256 + text 29668 + data 3952
   0.191 <-- flash free   2063276 of 2097152
   0.192 <-- ram used        7084 = data 3952 + bss 3132
   0.193 <-- ram free      254868 for heap and 2048 for stack
итог: отправлено команд 1, принято строк 20
