задание: 2.1.6
проект: 211-command-usb
устройство: 2e8a:000a
серийный номер: 505431654120621C
порт: COM3
начало: 2026-10-02T07:33:24
   0.000 --> boot_info
   0.192 <-- boot_info
   0.193 <-- dbg read_line:122 got boot_info
   0.193 <-- vector table   0x10000100
   0.194 <-- stack top    0x20042000
   0.194 <-- reset        0x100001f7
   0.195 <-- reset (even) 0x100001f6
   0.196 <-- gpio in        0xd0000004
   0.196 <-- led bit      0
   0.197 <-- gpio_get     0
   2.215 --> enable
   2.353 <-- enable
   2.354 <-- dbg read_line:122 got enable
   2.355 <-- inf cmd_enable:29 led on
   4.387 --> boot_info
   4.575 <-- boot_info
   4.576 <-- dbg read_line:122 got boot_info
   4.576 <-- vector table   0x10000100
   4.577 <-- stack top    0x20042000
   4.577 <-- reset        0x100001f7
   4.578 <-- reset (even) 0x100001f6
   4.578 <-- gpio in        0xd0000004
   4.579 <-- led bit      1
   4.579 <-- gpio_get     1
   6.606 --> disable
   6.757 <-- disable
   6.760 <-- dbg read_line:122 got disable
   6.762 <-- inf cmd_disable:35 led off
   8.800 --> boot_info
   8.997 <-- boot_info
   8.997 <-- dbg read_line:122 got boot_info
   8.998 <-- vector table   0x10000100
   8.999 <-- stack top    0x20042000
   8.999 <-- reset        0x100001f7
   9.000 <-- reset (even) 0x100001f6
   9.001 <-- gpio in        0xd0000004
   9.001 <-- led bit      0
   9.002 <-- gpio_get     0
итог: отправлено команд 5, принято строк 33
